Synpcc7942_0002	BAA17503.1	23.497	183	133	3	13	190	10	190	1.89e-07	48.1
Synpcc7942_0002	Synpcc7942_0002	100.000	290	0	0	1	290	1	290	0.0	579
Synpcc7942_0002	Synpcc7942_2044	30.556	72	47	1	91	159	91	162	8.21e-04	36.6

