>SYNGTS_0001 YP_005649954.1 sds solanesyl diphosphate synthase
MISTTSLFAPVDQDLRLLTDNLKRLVGARHPILGAAAEHLFEAGGKRVRPAIVLLVSRATLLDQELTARHRRLAEIT...
>SYNGTS_0002 YP_005649955.1 slr0612 hypothetical protein
MGRLDQDSEGLLLLTSNGKLQHRLAHREFAHQRTYFAQVEGSPTDEDLEPLRRGITFADYPTRPAIAKIITEPDFPP...
>SYNGTS_0003 YP_005649956.1 slr0613 hypothetical protein
...

