[LOCUS       BA000022             3573470 bp    DNA     circular BCT 07-OCT-2016
DEFINITION  Synechocystis sp. PCC 6803 DNA, complete genome.
ACCESSION   BA000022 AB001339 D63999-D64006 D90899-D90917
VERSION     BA000022.2
DBLINK      BioProject: PRJNA60
...
]
