[plot image '$TMPDIR/cache/bin/2cc2b57cd1.png',
 plot image '$TMPDIR/cache/bin/d7d0a621bf.png',
 plot image '$TMPDIR/cache/bin/dd3ba6dc2a.png']
