[plot image '$TMPDIR/cache/bin/6ef95409be.png',
 plot image '$TMPDIR/cache/bin/54870e20ac.png']
