Synpcc7942_0001	Synpcc7942_0001	100.000	390	0	0	193	582	1	390	0.0	785
Synpcc7942_0001	BAA16871.1	57.179	390	149	5	208	580	1	389	1.21e-148	433
Synpcc7942_0002	Synpcc7942_0002	100.000	290	0	0	193	482	1	290	0.0	586
Synpcc7942_0003	Synpcc7942_0003	100.000	777	0	0	193	969	1	777	0.0	1576
Synpcc7942_0003	BAA16646.1	74.809	786	178	9	187	966	4	775	0.0	1146
...

