[plot image '$TMPDIR/cache/bin/d56728dae7.png',
 plot image '$TMPDIR/cache/bin/e385991648.png',
 plot image '$TMPDIR/cache/bin/6844b98de2.png']
