[2017-10-16 20:40:22 - INFO] Communicating with BLAST server
[2017-10-16 20:40:22 - INFO] Communicating with BLAST server
[2017-10-16 20:40:22 - INFO] Communicating with BLAST server
[2017-10-16 20:40:22 - INFO] Communicating with BLAST server
["16SMicrobial",
 "cdd_delta",
 "env_nr",
 "env_nt",
 "est",
 "est_human",
 "est_mouse",
 "est_others",
 "gss",
 "gss_annot",
 "htgs",
 "human_genomic",
 "landmark",
 "nr",
 "nt",
 "other_genomic",
 "pataa",
 "patnt",
 "pdbaa",
 "pdbnt",
 "ref_prok_rep_genomes",
 "ref_viroids_rep_genomes",
 "ref_viruses_rep_genomes",
 "refseq_genomic",
 "refseq_protein",
 "refseq_rna",
 "refseqgene",
 "sts",
 "swissprot",
 "taxdb",
 "tsa_nr",
 "tsa_nt",
 "vector"]
