[BLAST nucleotide database $TMPDIR/cache/map/53fe259f1b.ndb,
 BLAST nucleotide database $TMPDIR/cache/map/52c6bf3aa8.ndb]
