organism	database	identifier
Synechococcus elongatus PCC 7942	refseq	NA

