[["AKO50268",
  "AKO50269",
  "AKO50342",
  "AKO50343",
  "gi|1045740|gb|AAC71283.1|",
  "gi|1045756|gb|AAC71297.1|",
  "gi|1045757|gb|AAC71298.1|",
  "gi|290752298|emb|CBH40269.1|",
  "gi|290752299|emb|CBH40270.1|",
  "gi|290752372|emb|CBH40343.1|",
  "gi|290752373|emb|CBH40344.1|"],
 ["AKO50253",
  "AKO50264",
  "gi|1045683|gb|AAC71230.1|",
  "gi|1045684|gb|AAC71231.1|",
  "gi|290752280|emb|CBH40251.1|",
  "gi|290752294|emb|CBH40265.1|",
  "gi|3844709|gb|AAC71337.1|",
  "gi|3844775|gb|AAC71398.1|",
  "gi|3844776|gb|AAC71399.1|"],
 ["AKO50328",
  "AKO50334",
  "gi|290752358|emb|CBH40329.1|",
  "gi|290752364|emb|CBH40335.1|",
  "gi|3844690|gb|AAC71320.1|",
  "gi|71851581|gb|AAZ44189.1|"],
 ["AKO50245",
  "AKO50246",
  "AKO50296",
  "gi|290752272|emb|CBH40243.1|",
  "gi|290752273|emb|CBH40244.1|",
  "gi|290752326|emb|CBH40297.1|"],
 ["AKO50324",
  "gi|290752354|emb|CBH40325.1|",
  "gi|3844633|gb|AAC71240.1|",
  "gi|71851523|gb|AAZ44131.1|",
  "gi|71851569|gb|AAZ44177.1|"],
 ["AKO50271",
  "AKO50340",
  "gi|1045754|gb|AAC71295.1|",
  "gi|290752301|emb|CBH40272.1|",
  "gi|290752370|emb|CBH40341.1|"],
 ["AKO50242",
  "AKO50243",
  "gi|144227478|gb|AAZ44221.2|",
  "gi|290752269|emb|CBH40240.1|",
  "gi|290752270|emb|CBH40241.1|"],
 ["AKO50335",
  "AKO50355",
  "AKO50391",
  "gi|290752288|emb|CBH40259.1|",
  "gi|290752368|emb|CBH40339.1|"],
 ["gi|144227425|gb|AAZ44111.2|",
  "gi|290752424|emb|CBH40395.1|",
  "gi|71851504|gb|AAZ44112.1|",
  "gi|71851505|gb|AAZ44113.1|",
  "gi|71851506|gb|AAZ44114.1|"],
 ["gi|1045671|gb|AAC71219.1|",
  "gi|290752440|emb|CBH40411.1|",
  "gi|71851516|gb|AAZ44124.1|",
  "gi|71851590|gb|AAZ44198.1|"],
 ["AKO50288",
  "gi|1045676|gb|AAC71224.1|",
  "gi|144227450|gb|AAZ44160.2|",
  "gi|290752318|emb|CBH40289.1|"],
 ["AKO50372",
  "gi|144227432|gb|AAZ44122.2|",
  "gi|290752401|emb|CBH40372.1|",
  "gi|3844630|gb|AAC71237.1|"],
 ["AKO50314",
  "gi|290752344|emb|CBH40315.1|",
  "gi|3844632|gb|AAC71239.1|",
  "gi|71851500|gb|AAZ44108.1|"],
 ["AKO50292",
  "gi|1045734|gb|AAC71277.1|",
  "gi|290752322|emb|CBH40293.1|",
  "gi|3844635|gb|AAC71241.1|"],
 ["AKO50361",
  "gi|290752391|emb|CBH40362.1|",
  "gi|3844651|gb|AAC71258.1|",
  "gi|3844784|gb|AAC71406.1|"],
 ["AKO50351",
  "gi|1045725|gb|AAC71268.1|",
  "gi|290752382|emb|CBH40353.1|",
  "gi|71851636|gb|AAZ44244.1|"],
 ["AKO50327",
  "gi|144227467|gb|AAZ44188.2|",
  "gi|290752357|emb|CBH40328.1|",
  "gi|3844673|gb|AAC71304.1|"],
 ["AKO50303",
  "gi|144227477|gb|AAZ44218.2|",
  "gi|290752333|emb|CBH40304.1|",
  "gi|3844685|gb|AAC71315.1|"],
 ["AKO50302",
  "gi|144227509|gb|AAZ44294.2|",
  "gi|290752332|emb|CBH40303.1|",
  "gi|3844726|gb|AAC71353.1|"],
 ["AKO50353",
  "gi|290752384|emb|CBH40355.1|",
  "gi|3844766|gb|AAC71390.1|",
  "gi|71851652|gb|AAZ44260.1|"],
 ["AKO50251", "AKO50969", "gi|290752278|emb|CBH40249.1|", "gi|290752422|emb|CBH40393.1|"],
 ["AKO50256", "AKO50257", "gi|290752283|emb|CBH40254.1|", "gi|290752284|emb|CBH40255.1|"],
 ["AKO50382",
  "gi|144227418|gb|AAZ44097.2|",
  "gi|290752411|emb|CBH40382.1|",
  "gi|290752433|emb|CBH40404.1|"],
 ["gi|1045672|gb|AAC71220.1|", "gi|290752441|emb|CBH40412.1|", "gi|71851515|gb|AAZ44123.1|"],
 ["AKO50291", "gi|1045673|gb|AAC71221.1|", "gi|290752321|emb|CBH40292.1|"],
 ["AKO50287", "gi|1045677|gb|AAC71225.1|", "gi|290752317|emb|CBH40288.1|"],
 ["AKO50373", "gi|290752402|emb|CBH40373.1|", "gi|84626149|gb|AAC71229.2|"],
 ["AKO50306", "gi|290752336|emb|CBH40307.1|", "gi|3844629|gb|AAC71236.1|"],
 ["AKO50337", "gi|290752366|emb|CBH40337.1|", "gi|3844639|gb|AAC71245.1|"],
 ["AKO50300", "gi|290752330|emb|CBH40301.1|", "gi|3844641|gb|AAC71247.1|"],
 ["AKO50362", "gi|290752392|emb|CBH40363.1|", "gi|3844652|gb|AAC71259.1|"],
 ["AKO50363", "gi|290752393|emb|CBH40364.1|", "gi|3844653|gb|AAC71260.1|"],
 ["gi|1045721|gb|AAC71264.1|", "gi|71851494|gb|AAZ44102.1|", "gi|71851539|gb|AAZ44147.1|"],
 ["AKO50277", "gi|1045727|gb|AAC71270.1|", "gi|290752309|emb|CBH40280.1|"],
 ["gi|1045742|gb|AAC71285.1|", "gi|1045743|gb|AAC71286.1|", "gi|144227481|gb|AAZ44225.2|"],
 ["AKO50341", "gi|1045755|gb|AAC71296.1|", "gi|290752371|emb|CBH40342.1|"],
 ["AKO50316", "gi|290752346|emb|CBH40317.1|", "gi|3844668|gb|AAC71299.1|"],
 ["AKO50317", "gi|290752347|emb|CBH40318.1|", "gi|3844669|gb|AAC71300.1|"],
 ["AKO50326", "gi|290752356|emb|CBH40327.1|", "gi|3844672|gb|AAC71303.1|"],
 ["AKO50254", "gi|290752281|emb|CBH40252.1|", "gi|3844710|gb|AAC71338.1|"],
 ["AKO50255", "gi|290752282|emb|CBH40253.1|", "gi|3844711|gb|AAC71339.1|"],
 ["gi|144227422|gb|AAZ44103.2|", "gi|144227463|gb|AAZ44183.2|", "gi|3844731|gb|AAC71357.1|"],
 ["AKO50360", "gi|290752390|emb|CBH40361.1|", "gi|3844779|gb|AAC71402.1|"],
 ["AKO50315", "gi|290752345|emb|CBH40316.1|", "gi|3844783|gb|AAC71405.1|"],
 ["gi|144227420|gb|AAZ44100.2|", "gi|71851491|gb|AAZ44099.1|", "gi|84626159|gb|AAC71409.2|"],
 ["AKO50237", "gi|144227417|gb|AAZ44095.2|", "gi|290752267|emb|CBH40238.1|"],
 ["AKO50238", "gi|290752268|emb|CBH40239.1|", "gi|71851488|gb|AAZ44096.1|"],
 ["AKO50283", "AKO50285", "gi|290752315|emb|CBH40286.1|"],
 ["AKO50290", "gi|290752320|emb|CBH40291.1|", "gi|71851517|gb|AAZ44125.1|"],
 ["AKO50307", "gi|290752337|emb|CBH40308.1|", "gi|71851643|gb|AAZ44251.1|"],
 ["AKO50309", "gi|144227440|gb|AAZ44135.2|", "gi|290752339|emb|CBH40310.1|"],
 ["AKO50311", "gi|144227495|gb|AAZ44253.2|", "gi|290752341|emb|CBH40312.1|"],
 ["AKO50313", "gi|290752343|emb|CBH40314.1|", "gi|71851499|gb|AAZ44107.1|"],
 ["AKO50321", "gi|144227485|gb|AAZ44230.2|", "gi|290752351|emb|CBH40322.1|"],
 ["AKO50322", "gi|144227486|gb|AAZ44231.2|", "gi|290752352|emb|CBH40323.1|"],
 ["AKO50330", "gi|290752360|emb|CBH40331.1|", "gi|71851595|gb|AAZ44203.1|"],
 ["AKO50331", "gi|290752361|emb|CBH40332.1|", "gi|71851596|gb|AAZ44204.1|"],
 ["AKO50336", "gi|290752365|emb|CBH40336.1|", "gi|71851602|gb|AAZ44210.1|"],
 ["AKO50346", "gi|144227479|gb|AAZ44222.2|", "gi|290752376|emb|CBH40347.1|"],
 ["AKO50349", "gi|290752379|emb|CBH40350.1|", "gi|71851639|gb|AAZ44247.1|"],
 ["AKO50967", "gi|290752381|emb|CBH40352.1|", "gi|71851637|gb|AAZ44245.1|"],
 ["AKO50352", "gi|290752383|emb|CBH40354.1|", "gi|71851635|gb|AAZ44243.1|"],
 ["AKO50968", "gi|144227438|gb|AAZ44132.2|", "gi|290752386|emb|CBH40357.1|"],
 ["AKO50379", "gi|290752408|emb|CBH40379.1|", "gi|71851606|gb|AAZ44214.1|"],
 ["AKO50278", "AKO50380", "gi|290752409|emb|CBH40380.1|"],
 ["AKO50381", "gi|290752410|emb|CBH40381.1|", "gi|71851549|gb|AAZ44157.1|"],
 ["AKO50387", "gi|290752417|emb|CBH40388.1|", "gi|290752418|emb|CBH40389.1|"],
 ["AKO50359", "AKO50365", "gi|290752419|emb|CBH40390.1|"],
 ["AKO50388", "gi|144227488|gb|AAZ44236.2|", "gi|290752420|emb|CBH40391.1|"],
 ["AKO50389", "gi|290752423|emb|CBH40394.1|", "gi|290752429|emb|CBH40400.1|"],
 ["gi|3844622|gb|AAC71226.1|", "gi|71851541|gb|AAZ44149.1|"],
 ["gi|3844628|gb|AAC71235.1|", "gi|71851550|gb|AAZ44158.1|"],
 ["gi|71851566|gb|AAZ44174.1|", "gi|84626160|gb|AAC71265.2|"],
 ["gi|1045724|gb|AAC71267.1|", "gi|71851565|gb|AAZ44173.1|"],
 ["gi|290752307|emb|CBH40278.1|", "gi|3844657|gb|AAC71272.1|"],
 ["gi|290752446|emb|CBH40417.1|", "gi|84626144|gb|AAC71275.2|"],
 ["gi|144227480|gb|AAZ44223.2|", "gi|84626166|gb|AAC71278.2|"],
 ["gi|1045746|gb|AAC71288.1|", "gi|144227445|gb|AAZ44145.2|"],
 ["gi|1045748|gb|AAC71290.1|", "gi|71851568|gb|AAZ44176.1|"],
 ["gi|3844670|gb|AAC71301.1|", "gi|71851683|gb|AAZ44291.1|"],
 ["gi|144227507|gb|AAZ44292.2|", "gi|3844671|gb|AAC71302.1|"],
 ["gi|3844674|gb|AAC71305.1|", "gi|71851559|gb|AAZ44167.1|"],
 ["gi|3844675|gb|AAC71306.1|", "gi|71851558|gb|AAZ44166.1|"],
 ["gi|144227452|gb|AAZ44165.2|", "gi|3844676|gb|AAC71307.1|"],
 ["gi|144227429|gb|AAZ44118.2|", "gi|3844687|gb|AAC71317.1|"],
 ["gi|3844688|gb|AAC71318.1|", "gi|71851511|gb|AAZ44119.1|"],
 ["gi|144227434|gb|ABO93469.1|", "gi|84626138|gb|ABC59632.1|"],
 ["gi|144227433|gb|AAZ44127.2|", "gi|3844693|gb|AAC71322.1|"],
 ["gi|290752438|emb|CBH40409.1|", "gi|84626150|gb|AAC71324.2|"],
 ["gi|3844696|gb|AAC71325.1|", "gi|71851632|gb|AAZ44240.1|"],
 ["gi|3844699|gb|AAC71328.1|", "gi|71851631|gb|AAZ44239.1|"],
 ["gi|144227490|gb|AAZ44238.2|", "gi|3844701|gb|AAC71330.1|"],
 ["gi|3844705|gb|AAC71333.1|", "gi|71851627|gb|AAZ44235.1|"],
 ["gi|290752442|emb|CBH40413.1|", "gi|3844716|gb|AAC71343.1|"],
 ["gi|3844728|gb|AAC71355.1|", "gi|71851555|gb|AAZ44163.1|"],
 ["gi|144227448|gb|AAZ44154.2|", "gi|3844733|gb|AAC71358.1|"],
 ["gi|3844744|gb|AAC71368.1|", "gi|71851674|gb|AAZ44282.1|"],
 ["gi|3844745|gb|AAC71369.1|", "gi|71851673|gb|AAZ44281.1|"],
 ["gi|144227504|gb|AAZ44280.2|", "gi|3844746|gb|AAC71370.1|"],
 ["gi|3844747|gb|AAC71371.1|", "gi|71851671|gb|AAZ44279.1|"],
 ["gi|3844748|gb|AAC71372.1|", "gi|71851670|gb|AAZ44278.1|"],
 ["gi|3844749|gb|AAC71373.1|", "gi|71851669|gb|AAZ44277.1|"],
 ["gi|144227503|gb|AAZ44276.2|", "gi|3844750|gb|AAC71374.1|"],
 ["gi|144227502|gb|AAZ44275.2|", "gi|3844751|gb|AAC71375.1|"],
 ["gi|3844752|gb|AAC71376.1|", "gi|71851666|gb|AAZ44274.1|"],
 ["gi|144227501|gb|AAZ44273.2|", "gi|3844753|gb|AAC71377.1|"],
 ["gi|144227500|gb|AAZ44272.2|", "gi|3844754|gb|AAC71378.1|"],
 ["gi|3844755|gb|AAC71379.1|", "gi|71851663|gb|AAZ44271.1|"],
 ["gi|3844756|gb|AAC71380.1|", "gi|71851662|gb|AAZ44270.1|"],
 ["gi|144227499|gb|AAZ44269.2|", "gi|3844757|gb|AAC71381.1|"],
 ["gi|3844758|gb|AAC71382.1|", "gi|71851660|gb|AAZ44268.1|"],
 ["gi|3844759|gb|AAC71383.1|", "gi|71851659|gb|AAZ44267.1|"],
 ["gi|3844760|gb|AAC71384.1|", "gi|71851658|gb|AAZ44266.1|"],
 ["gi|144227498|gb|AAZ44265.2|", "gi|3844761|gb|AAC71385.1|"],
 ["gi|3844762|gb|AAC71386.1|", "gi|71851656|gb|AAZ44264.1|"],
 ["gi|144227497|gb|AAZ44263.2|", "gi|3844763|gb|AAC71387.1|"],
 ["gi|3844764|gb|AAC71388.1|", "gi|71851654|gb|AAZ44262.1|"],
 ["gi|3844765|gb|AAC71389.1|", "gi|71851653|gb|AAZ44261.1|"],
 ["gi|144227496|gb|AAZ44259.2|", "gi|3844767|gb|AAC71391.1|"],
 ["gi|3844770|gb|AAC71393.1|", "gi|71851650|gb|AAZ44258.1|"],
 ["gi|3844771|gb|AAC71394.1|", "gi|71851649|gb|AAZ44257.1|"],
 ["gi|71851648|gb|AAZ44256.1|", "gi|84626153|gb|AAC71395.2|"],
 ["gi|3844773|gb|AAC71396.1|", "gi|71851647|gb|AAZ44255.1|"],
 ["gi|3844774|gb|AAC71397.1|", "gi|71851646|gb|AAZ44254.1|"],
 ["AKO50244", "gi|290752271|emb|CBH40242.1|"],
 ["AKO50247", "gi|290752274|emb|CBH40245.1|"],
 ["AKO50248", "gi|290752275|emb|CBH40246.1|"],
 ["AKO50249", "gi|290752276|emb|CBH40247.1|"],
 ["AKO50250", "gi|290752277|emb|CBH40248.1|"],
 ["AKO50252", "gi|290752279|emb|CBH40250.1|"],
 ["AKO50258", "gi|290752285|emb|CBH40256.1|"],
 ["AKO50260", "gi|290752290|emb|CBH40261.1|"],
 ["AKO50261", "gi|290752291|emb|CBH40262.1|"],
 ["AKO50262", "gi|290752292|emb|CBH40263.1|"],
 ["AKO50263", "gi|290752293|emb|CBH40264.1|"],
 ["AKO50265", "gi|290752295|emb|CBH40266.1|"],
 ["AKO50266", "gi|290752296|emb|CBH40267.1|"],
 ["AKO50267", "gi|290752297|emb|CBH40268.1|"],
 ["AKO50270", "gi|290752300|emb|CBH40271.1|"],
 ["AKO50272", "gi|290752302|emb|CBH40273.1|"],
 ["AKO50273", "gi|290752303|emb|CBH40274.1|"],
 ["AKO50274", "gi|290752304|emb|CBH40275.1|"],
 ["AKO50275", "gi|290752305|emb|CBH40276.1|"],
 ["AKO50276", "gi|290752306|emb|CBH40277.1|"],
 ["AKO50965", "gi|290752308|emb|CBH40279.1|"],
 ["AKO50279", "gi|290752310|emb|CBH40281.1|"],
 ["AKO50966", "gi|290752311|emb|CBH40282.1|"],
 ["AKO50280", "gi|290752312|emb|CBH40283.1|"],
 ["AKO50281", "gi|290752313|emb|CBH40284.1|"],
 ["AKO50282", "gi|290752314|emb|CBH40285.1|"],
 ["AKO50286", "gi|290752316|emb|CBH40287.1|"],
 ["AKO50289", "gi|290752319|emb|CBH40290.1|"],
 ["AKO50293", "gi|290752323|emb|CBH40294.1|"],
 ["AKO50294", "gi|290752324|emb|CBH40295.1|"],
 ["AKO50295", "gi|290752325|emb|CBH40296.1|"],
 ["AKO50297", "gi|290752327|emb|CBH40298.1|"],
 ["AKO50298", "gi|290752328|emb|CBH40299.1|"],
 ["AKO50299", "gi|290752329|emb|CBH40300.1|"],
 ["AKO50301", "gi|290752331|emb|CBH40302.1|"],
 ["AKO50304", "gi|290752334|emb|CBH40305.1|"],
 ["AKO50305", "gi|290752335|emb|CBH40306.1|"],
 ["AKO50308", "gi|290752338|emb|CBH40309.1|"],
 ["AKO50310", "gi|290752340|emb|CBH40311.1|"],
 ["AKO50312", "gi|290752342|emb|CBH40313.1|"],
 ["AKO50318", "gi|290752348|emb|CBH40319.1|"],
 ["AKO50319", "gi|290752349|emb|CBH40320.1|"],
 ["AKO50320", "gi|290752350|emb|CBH40321.1|"],
 ["AKO50323", "gi|290752353|emb|CBH40324.1|"],
 ["AKO50325", "gi|290752355|emb|CBH40326.1|"],
 ["AKO50329", "gi|290752359|emb|CBH40330.1|"],
 ["AKO50332", "gi|290752362|emb|CBH40333.1|"],
 ["AKO50333", "gi|290752363|emb|CBH40334.1|"],
 ["AKO50338", "gi|290752367|emb|CBH40338.1|"],
 ["AKO50339", "gi|290752369|emb|CBH40340.1|"],
 ["AKO50344", "gi|290752374|emb|CBH40345.1|"],
 ["AKO50345", "gi|290752375|emb|CBH40346.1|"],
 ["AKO50347", "gi|290752377|emb|CBH40348.1|"],
 ["AKO50348", "gi|290752378|emb|CBH40349.1|"],
 ["AKO50350", "gi|290752380|emb|CBH40351.1|"],
 ["AKO50354", "gi|290752385|emb|CBH40356.1|"],
 ["AKO50356", "gi|290752387|emb|CBH40358.1|"],
 ["AKO50357", "gi|290752388|emb|CBH40359.1|"],
 ["AKO50358", "gi|290752389|emb|CBH40360.1|"],
 ["AKO50364", "gi|290752394|emb|CBH40365.1|"],
 ["AKO50366", "gi|290752395|emb|CBH40366.1|"],
 ["AKO50367", "gi|290752396|emb|CBH40367.1|"],
 ["AKO50368", "gi|290752397|emb|CBH40368.1|"],
 ["AKO50369", "gi|290752398|emb|CBH40369.1|"],
 ["AKO50370", "gi|290752399|emb|CBH40370.1|"],
 ["AKO50371", "gi|290752400|emb|CBH40371.1|"],
 ["AKO50374", "gi|290752403|emb|CBH40374.1|"],
 ["AKO50375", "gi|290752404|emb|CBH40375.1|"],
 ["AKO50376", "gi|290752405|emb|CBH40376.1|"],
 ["AKO50377", "gi|290752406|emb|CBH40377.1|"],
 ["AKO50378", "gi|290752407|emb|CBH40378.1|"],
 ["AKO50384", "gi|290752413|emb|CBH40384.1|"],
 ["AKO50386", "gi|290752416|emb|CBH40387.1|"],
 ["AKO50393", "gi|290752426|emb|CBH40397.1|"],
 ["AKO50394", "gi|290752427|emb|CBH40398.1|"],
 ["AKO50390", "gi|290752431|emb|CBH40402.1|"],
 ["gi|144227419|gb|AAZ44098.2|", "gi|290752434|emb|CBH40405.1|"],
 ["gi|290752437|emb|CBH40408.1|", "gi|71851633|gb|AAZ44241.1|"],
 ["gi|84626162|gb|AAC71217.2|"],
 ["gi|84626152|gb|AAC71218.2|"],
 ["gi|1045674|gb|AAC71222.1|"],
 ["gi|1045675|gb|AAC71223.1|"],
 ["gi|3844623|gb|AAC71227.1|"],
 ["gi|3844624|gb|AAC71228.1|"],
 ["gi|84626126|gb|AAC71234.2|"],
 ["gi|3844631|gb|AAC71238.1|"],
 ["gi|3844636|gb|AAC71242.1|"],
 ["gi|3844637|gb|AAC71243.1|"],
 ["gi|3844638|gb|AAC71244.1|"],
 ["gi|3844640|gb|AAC71246.1|"],
 ["gi|1045703|gb|AAC71248.1|"],
 ["gi|3844643|gb|AAC71249.1|"],
 ["gi|3844644|gb|AAC71250.1|"],
 ["gi|3844645|gb|AAC71251.1|"],
 ["gi|3844646|gb|AAC71252.1|"],
 ["gi|3844647|gb|AAC71253.1|"],
 ["gi|3844648|gb|AAC71254.1|"],
 ["gi|3844649|gb|AAC71255.1|"],
 ["gi|1045712|gb|AAC71256.1|"],
 ["gi|1045713|gb|AAC71257.1|"],
 ["gi|3844654|gb|AAC71261.1|"],
 ["gi|3844655|gb|AAC71262.1|"],
 ["gi|3844656|gb|AAC71263.1|"],
 ["gi|1045723|gb|AAC71266.1|"],
 ["gi|1045726|gb|AAC71269.1|"],
 ["gi|1045728|gb|AAC71271.1|"],
 ["gi|3844660|gb|AAC71281.1|"],
 ["gi|1045730|gb|AAC71273.1|"],
 ["gi|1045731|gb|AAC71274.1|"],
 ["gi|1045733|gb|AAC71276.1|"],
 ["gi|1045736|gb|AAC71279.1|"],
 ["gi|84626147|gb|AAC71280.2|"],
 ["gi|3844662|gb|AAC71282.1|"],
 ["gi|1045741|gb|AAC71284.1|"],
 ["gi|1045745|gb|AAC71287.1|"],
 ["gi|1045747|gb|AAC71289.1|"],
 ["gi|1045749|gb|AAC71291.1|"],
 ["gi|1045750|gb|AAC71292.1|"],
 ["gi|3844665|gb|AAC71293.1|"],
 ["gi|3844666|gb|AAC71294.1|"],
 ["gi|3844677|gb|AAC71308.1|"],
 ["gi|3844678|gb|AAC71309.1|"],
 ["gi|3844679|gb|AAC71310.1|"],
 ["gi|3844680|gb|AAC71311.1|"],
 ["gi|84626146|gb|AAC71312.2|"],
 ["gi|3844682|gb|AAC71313.1|"],
 ["gi|3844684|gb|AAC71314.1|"],
 ["gi|3844686|gb|AAC71316.1|"],
 ["gi|3844689|gb|AAC71319.1|"],
 ["gi|3844691|gb|AAC71321.1|"],
 ["gi|84626161|gb|AAC71323.2|"],
 ["gi|3844697|gb|AAC71326.1|"],
 ["gi|84626164|gb|AAC71327.2|"],
 ["gi|3844700|gb|AAC71329.1|"],
 ["gi|3844702|gb|AAC71331.1|"],
 ["gi|3844703|gb|AAC71332.1|"],
 ["gi|3844706|gb|AAC71334.1|"],
 ["gi|3844707|gb|AAC71335.1|"],
 ["gi|3844708|gb|AAC71336.1|"],
 ["gi|3844712|gb|AAC71340.1|"],
 ["gi|3844713|gb|AAC71341.1|"],
 ["gi|3844715|gb|AAC71342.1|"],
 ["gi|3844717|gb|AAC71344.1|"],
 ["gi|3844718|gb|AAC71345.1|"],
 ["gi|3844719|gb|AAC71346.1|"],
 ["gi|3844720|gb|AAC71347.1|"],
 ["gi|3844721|gb|AAC71348.1|"],
 ["gi|3844722|gb|AAC71349.1|"],
 ["gi|84626135|gb|AAC71350.2|"],
 ["gi|3844724|gb|AAC71351.1|"],
 ["gi|3844725|gb|AAC71352.1|"],
 ["gi|3844727|gb|AAC71354.1|"],
 ["gi|3844734|gb|AAC71359.1|"],
 ["gi|84626140|gb|ABC59633.1|"],
 ["gi|3844735|gb|AAC71360.1|"],
 ["gi|3844736|gb|AAC71361.1|"],
 ["gi|3844737|gb|AAC71362.1|"],
 ["gi|3844738|gb|AAC71363.1|"],
 ["gi|3844739|gb|AAC71364.1|"],
 ["gi|84626168|gb|AAC71365.2|"],
 ["gi|3844741|gb|AAC71366.1|"],
 ["gi|3844743|gb|AAC71367.1|"],
 ["gi|84626134|gb|AAC71392.2|"],
 ["gi|3844777|gb|AAC71400.1|"],
 ["gi|3844778|gb|AAC71401.1|"],
 ["gi|3844780|gb|AAC71403.1|"],
 ["gi|3844781|gb|AAC71404.1|"],
 ["gi|3844785|gb|AAC71407.1|"],
 ["gi|84626157|gb|AAC71408.2|"],
 ["gi|3844788|gb|AAC71410.1|"],
 ["gi|84626170|gb|AAC71411.2|"],
 ["gi|290752286|emb|CBH40257.1|"],
 ["gi|290752287|emb|CBH40258.1|"],
 ["gi|290752289|emb|CBH40260.1|"],
 ["gi|290752412|emb|CBH40383.1|"],
 ["gi|290752414|emb|CBH40385.1|"],
 ["gi|290752415|emb|CBH40386.1|"],
 ["gi|290752421|emb|CBH40392.1|"],
 ["gi|290752425|emb|CBH40396.1|"],
 ["gi|290752428|emb|CBH40399.1|"],
 ["gi|290752430|emb|CBH40401.1|"],
 ["gi|290752432|emb|CBH40403.1|"],
 ["gi|290752435|emb|CBH40406.1|"],
 ["gi|290752436|emb|CBH40407.1|"],
 ["gi|290752439|emb|CBH40410.1|"],
 ["gi|290752443|emb|CBH40414.1|"],
 ["gi|290752444|emb|CBH40415.1|"],
 ["gi|290752445|emb|CBH40416.1|"],
 ["gi|144227421|gb|AAZ44101.2|"],
 ["gi|71851496|gb|AAZ44104.1|"],
 ["gi|144227423|gb|AAZ44105.2|"],
 ["gi|71851498|gb|AAZ44106.1|"],
 ["gi|71851501|gb|AAZ44109.1|"],
 ["gi|144227424|gb|AAZ44110.2|"],
 ["gi|144227426|gb|AAZ44115.2|"],
 ["gi|144227427|gb|AAZ44116.2|"],
 ["gi|144227428|gb|AAZ44117.2|"],
 ["gi|144227430|gb|AAZ44120.2|"],
 ["gi|144227431|gb|AAZ44121.2|"],
 ["gi|71851518|gb|AAZ44126.1|"],
 ["gi|144227435|gb|AAZ44128.2|"],
 ["gi|144227436|gb|AAZ44129.2|"],
 ["gi|144227437|gb|AAZ44130.2|"],
 ["gi|71851525|gb|AAZ44133.1|"],
 ["gi|144227439|gb|AAZ44134.2|"],
 ["gi|71851528|gb|AAZ44136.1|"],
 ["gi|144227441|gb|AAZ44137.2|"],
 ["gi|71851530|gb|AAZ44138.1|"],
 ["gi|144227442|gb|AAZ44139.2|"],
 ["gi|144227443|gb|AAZ44140.2|"],
 ["gi|144227444|gb|AAZ44141.2|"],
 ["gi|71851534|gb|AAZ44142.1|"],
 ["gi|71851535|gb|AAZ44143.1|"],
 ["gi|71851536|gb|AAZ44144.1|"],
 ["gi|71851538|gb|AAZ44146.1|"],
 ["gi|144227446|gb|AAZ44148.2|"],
 ["gi|144227447|gb|AAZ44150.2|"],
 ["gi|71851543|gb|AAZ44151.1|"],
 ["gi|71851544|gb|AAZ44152.1|"],
 ["gi|71851545|gb|AAZ44153.1|"],
 ["gi|144227449|gb|AAZ44155.2|"],
 ["gi|71851548|gb|AAZ44156.1|"],
 ["gi|71851551|gb|AAZ44159.1|"],
 ["gi|71851553|gb|AAZ44161.1|"],
 ["gi|71851554|gb|AAZ44162.1|"],
 ["gi|144227451|gb|AAZ44164.2|"],
 ["gi|71851560|gb|AAZ44168.1|"],
 ["gi|144227453|gb|AAZ44169.2|"],
 ["gi|144227454|gb|AAZ44170.2|"],
 ["gi|71851563|gb|AAZ44171.1|"],
 ["gi|71851564|gb|AAZ44172.1|"],
 ["gi|144227455|gb|AAZ44175.2|"],
 ["gi|144227456|gb|ABO93470.1|"],
 ["gi|144227457|gb|ABO93471.1|"],
 ["gi|144227458|gb|AAZ44178.2|"],
 ["gi|144227459|gb|AAZ44179.2|"],
 ["gi|144227460|gb|AAZ44180.2|"],
 ["gi|144227461|gb|AAZ44181.2|"],
 ["gi|144227462|gb|AAZ44182.2|"],
 ["gi|144227464|gb|AAZ44184.2|"],
 ["gi|144227465|gb|AAZ44185.2|"],
 ["gi|71851578|gb|AAZ44186.1|"],
 ["gi|144227466|gb|AAZ44187.2|"],
 ["gi|71851582|gb|AAZ44190.1|"],
 ["gi|144227468|gb|AAZ44191.2|"],
 ["gi|144227469|gb|AAZ44192.2|"],
 ["gi|71851585|gb|AAZ44193.1|"],
 ["gi|71851586|gb|AAZ44194.1|"],
 ["gi|144227470|gb|ABO93472.1|"],
 ["gi|71851587|gb|AAZ44195.1|"],
 ["gi|71851588|gb|AAZ44196.1|"],
 ["gi|71851589|gb|AAZ44197.1|"],
 ["gi|71851591|gb|AAZ44199.1|"],
 ["gi|71851592|gb|AAZ44200.1|"],
 ["gi|71851593|gb|AAZ44201.1|"],
 ["gi|144227471|gb|AAZ44202.2|"],
 ["gi|71851597|gb|AAZ44205.1|"],
 ["gi|71851598|gb|AAZ44206.1|"],
 ["gi|144227472|gb|AAZ44207.2|"],
 ["gi|71851600|gb|AAZ44208.1|"],
 ["gi|144227473|gb|AAZ44209.2|"],
 ["gi|71851603|gb|AAZ44211.1|"],
 ["gi|144227474|gb|AAZ44212.2|"],
 ["gi|144227475|gb|AAZ44213.2|"],
 ["gi|144227476|gb|AAZ44215.2|"],
 ["gi|71851608|gb|AAZ44216.1|"],
 ["gi|71851609|gb|AAZ44217.1|"],
 ["gi|71851611|gb|AAZ44219.1|"],
 ["gi|71851612|gb|AAZ44220.1|"],
 ["gi|71851616|gb|AAZ44224.1|"],
 ["gi|71851618|gb|AAZ44226.1|"],
 ["gi|144227482|gb|AAZ44227.2|"],
 ["gi|144227483|gb|AAZ44228.2|"],
 ["gi|144227484|gb|AAZ44229.2|"],
 ["gi|144227487|gb|AAZ44232.2|"],
 ["gi|71851625|gb|AAZ44233.1|"],
 ["gi|71851626|gb|AAZ44234.1|"],
 ["gi|144227489|gb|AAZ44237.2|"],
 ["gi|71851634|gb|AAZ44242.1|"],
 ["gi|144227491|gb|AAZ44246.2|"],
 ["gi|71851640|gb|AAZ44248.1|"],
 ["gi|144227492|gb|AAZ44249.2|"],
 ["gi|144227493|gb|ABO93473.1|"],
 ["gi|71851642|gb|AAZ44250.1|"],
 ["gi|144227494|gb|AAZ44252.2|"],
 ["gi|71851676|gb|AAZ44284.1|"],
 ["gi|71851677|gb|AAZ44285.1|"],
 ["gi|71851678|gb|AAZ44286.1|"],
 ["gi|71851679|gb|AAZ44287.1|"],
 ["gi|144227505|gb|AAZ44288.2|"],
 ["gi|144227506|gb|AAZ44289.2|"],
 ["gi|71851682|gb|AAZ44290.1|"],
 ["gi|144227508|gb|AAZ44293.2|"],
 ["AKO50239"],
 ["AKO50240"],
 ["AKO50241"],
 ["AKO50259"],
 ["AKO50284"],
 ["AKO50383"],
 ["AKO50385"],
 ["AKO50392"]]
