["AKO50238", "gi|290752268|emb|CBH40239.1|", "gi|71851488|gb|AAZ44096.1|"]
