["Synpcc7942_0003",
 "Synpcc7942_0006",
 "AOY38_00015",
 "Synpcc7942_0010",
 "Synpcc7942_0010",
 "AOY38_00040",
 "Synpcc7942_0005",
 "Synpcc7942_0004",
 "Synpcc7942_0009",
 "SYNGTS_0010",
 "SYNGTS_0005",
 "SYNGTS_0007",
 "Synpcc7942_0001",
 "SYNGTS_0004",
 "AOY38_00030",
 "AOY38_00035",
 "Synpcc7942_0003",
 "SYNGTS_0006",
 "AOY38_00050",
 "AOY38_00010",
 "Synpcc7942_0007",
 "Synpcc7942_0008",
 "SYNGTS_0001",
 "SYNGTS_0008",
 "SYNGTS_0003",
 "AOY38_00020",
 "AOY38_00045",
 "SYNGTS_0009",
 "Synpcc7942_0002",
 "Synpcc7942_0001",
 "Synpcc7942_0005",
 "SYNGTS_0002",
 "AOY38_00025",
 "AOY38_00005"]
