["Synpcc7942_0003",
 "Synpcc7942_0006",
 "Synpcc7942_0010",
 "Synpcc7942_0010",
 "Synpcc7942_0005",
 "Synpcc7942_0004",
 "Synpcc7942_0009",
 "Synpcc7942_0008",
 "Synpcc7942_0001",
 "Synpcc7942_0003",
 "Synpcc7942_0007",
 "Synpcc7942_0008",
 "Synpcc7942_0002",
 "Synpcc7942_0001",
 "Synpcc7942_0005"]
