Database: ea1568d48b.ndb
6 sequences; 8,937 total bases
Longest sequence: 2,511 bases
Volumes:
$TMPDIR/cache/makeblastdb/ea1568d48b/ea1568d48b.ndb

