[Database: 4477d5b52f.pdb
1 sequences; 380 total residues
Longest sequence: 380 residues
Volumes:
$TMPDIR/cache/makeblastdb/4477d5b52f/4477d5b52f.pdb
,
 Database: 1da708833c.pdb
5 sequences; 2,593 total residues
Longest sequence: 836 residues
Volumes:
$TMPDIR/cache/makeblastdb/1da708833c/1da708833c.pdb
]
