DIAMOND database $TMPDIR/vars/result
Database format version = 2
Diamond build = 123
Sequences = 194
Letters = 69516

