gi|290752280|emb|CBH40251.1|	gi|3844709|gb|AAC71337.1|	43.6	573	249	6	6	519	5	562	1.9e-122	429.5
gi|290752299|emb|CBH40270.1|	gi|1045756|gb|AAC71297.1|	36.0	375	194	8	89	424	19	386	1.1e-61	227.6
gi|290752318|emb|CBH40289.1|	gi|1045676|gb|AAC71224.1|	37.5	437	256	7	16	445	16	442	9.2e-70	254.2
gi|290752321|emb|CBH40292.1|	gi|1045673|gb|AAC71221.1|	41.1	426	235	7	1	420	1	416	9.6e-85	303.9
gi|290752330|emb|CBH40301.1|	gi|3844641|gb|AAC71247.1|	37.3	1246	735	21	233	1459	232	1450	5.8e-238...
...

