[plot image '$TMPDIR/cache/bin/749dd8f121.png',
 plot image '$TMPDIR/cache/bin/00e746fd61.png']
