[plot image '$TMPDIR/cache/bin/acd5969fca.png',
 plot image '$TMPDIR/cache/bin/9876af2821.png']
