[plot image '$TMPDIR/cache/bin/c6c5a12ae1.png',
 plot image '$TMPDIR/cache/bin/4d5397648f.png',
 plot image '$TMPDIR/cache/bin/962f709576.png']
