CM9_00005	WP_009885562.1	99.737	380	1	0	193	572	1	380	0.0	746
CM9_00010	WP_009885561.1	100.000	310	0	0	193	502	1	310	0.0	634
CM9_00015	WP_009885560.1	100.000	650	0	0	193	842	1	650	0.0	1342
CM9_00015	WP_010869371.1	45.426	645	329	9	202	839	5	633	0.0	543
CM9_00020	WP_009885559.1	99.880	836	1	0	193	1028	1	836	0.0	1696
...

