gi|84626162|gb|AAC71217.2|	gi|290752268|emb|CBH40239.1|	23.604	394	261	14	1	380	1	368	1.05e-10	55.5
gi|84626162|gb|AAC71217.2|	gi|84626162|gb|AAC71217.2|	100.000	380	0	0	1	380	1	380	0.0	741

