Synpcc7942_0001	BAA16871.1	57.179	390	149	5	208	580	1	389	7.07e-149	433
Synpcc7942_0003	BAA16646.1	74.809	786	178	9	187	966	4	775	0.0	1146
Synpcc7942_0004	BAA10132.1	67.992	503	151	4	185	685	1	495	0.0	681
Synpcc7942_0004	BAA16727.1	26.033	242	159	7	219	451	2	232	6.11e-12	65.5
Synpcc7942_0005	BAA10081.1	64.896	527	178	1	199	718	8	534	0.0	684
...

