[>Synpcc7942_0001 DNA polymerase III subunit beta (trained on c3ae472116.pdb w...
Last position-specific scoring matrix computed, weighted observed percentages...
            A   R   N   D   C   Q   E   G   H   I   L   K   M   F   P   S   T...
    1 M    -1  -1  -2  -3  -1   0  -2  -3  -1   1   2  -1   5   0  -2  -1  -1...
    2 L    -1  -2  -3  -3  -1  -2  -3  -3  -3   1   4  -2   2   0  -3  -2  -1...
...
,
 >Synpcc7942_0002 hypothetical protein (trained on c3ae472116.pdb with e-value...
Last position-specific scoring matrix computed, weighted observed percentages...
            A   R   N   D   C   Q   E   G   H   I   L   K   M   F   P   S   T...
    1 M    -1  -1  -2  -3  -1   0  -2  -3  -2   1   2  -1   5   0  -2  -1  -1...
    2 A     4  -1  -2  -2   0  -1  -1   0  -2  -1  -1  -1  -1  -2  -1   1   0...
...
,
 >Synpcc7942_0003 phosphoribosylformylglycinamidine synthase II (trained on c3...
Last position-specific scoring matrix computed, weighted observed percentages...
            A   R   N   D   C   Q   E   G   H   I   L   K   M   F   P   S   T...
    1 M    -1  -1  -2  -3  -1   0  -2  -2  -1   1   2  -1   5   0  -2  -1  -1...
    2 T     0  -1   0  -1  -1  -1  -1  -1  -2  -1  -1  -1  -1  -2  -1   1   4...
...
,
 >Synpcc7942_0004 amidophosphoribosyltransferase (trained on c3ae472116.pdb wi...
Last position-specific scoring matrix computed, weighted observed percentages...
           A  R  N  D  C  Q  E  G  H  I  L  K  M  F  P  S  T  W  Y  V   A   R...
    1 M   -1 -1 -2 -3 -1  0 -2 -3 -2  1  2 -1  5  0 -2 -1 -1 -1 -1  1    0   ...
    2 I   -1 -3 -3 -3 -1 -3 -3 -4 -3  4  1 -3  1  0 -3 -2 -1 -3 -1  3    0   ...
...
,
 >Synpcc7942_0005 hypothetical protein (trained on c3ae472116.pdb with e-value...
Last position-specific scoring matrix computed, weighted observed percentages...
            A   R   N   D   C   Q   E   G   H   I   L   K   M   F   P   S   T...
    1 M    -1  -1  -2  -3  -1   0  -2  -3  -2   1   2  -1   6   0  -3  -2  -1...
    2 L    -2  -2  -3  -4  -1  -2  -3  -4  -3   2   4  -3   2   0  -3  -3  -1...
...
,
 >Synpcc7942_0006 hypothetical protein (trained on c3ae472116.pdb with e-value...
Last position-specific scoring matrix computed, weighted observed percentages...
            A   R   N   D   C   Q   E   G   H   I   L   K   M   F   P   S   T...
    1 M    -1  -1  -2  -3  -1   0  -2  -3  -1   1   2  -1   5   0  -2  -1  -1...
    2 T     0  -1   0  -1  -1  -1  -1  -1  -2  -1  -1  -1  -1  -2  -1   1   4...
...
,
 >Synpcc7942_0007 hypothetical protein (trained on c3ae472116.pdb with e-value...
Last position-specific scoring matrix computed, weighted observed percentages...
            A   R   N   D   C   Q   E   G   H   I   L   K   M   F   P   S   T...
    1 M    -1  -1  -2  -3  -1   0  -2  -2  -1   1   2  -1   5   0  -2  -1  -1...
    2 T     0  -1   0  -1  -1  -1  -1  -1  -2  -1  -1  -1  -1  -2  -1   1   4...
...
,
 >Synpcc7942_0008 hypothetical protein (trained on c3ae472116.pdb with e-value...
Last position-specific scoring matrix computed, weighted observed percentages...
            A   R   N   D   C   Q   E   G   H   I   L   K   M   F   P   S   T...
    1 M    -1  -1  -2  -3  -1   0  -2  -3  -2   1   2  -1   6   0  -3  -2  -1...
    2 L    -2  -2  -4  -4  -1  -2  -3  -4  -3   2   4  -3   2   0  -3  -3  -1...
...
,
 >Synpcc7942_0009 argininosuccinate synthase (trained on c3ae472116.pdb with e...
Last position-specific scoring matrix computed, weighted observed percentages...
            A   R   N   D   C   Q   E   G   H   I   L   K   M   F   P   S   T...
    1 M    -1  -1  -2  -3  -1   0  -2  -3  -2   1   2  -1   5   0  -2  -1  -1...
    2 G     0  -2   0  -1  -3  -2  -2   6  -2  -4  -4  -2  -3  -3  -2   0  -2...
...
,
 >Synpcc7942_0010 hypothetical protein (trained on c3ae472116.pdb with e-value...
Last position-specific scoring matrix computed, weighted observed percentages...
            A   R   N   D   C   Q   E   G   H   I   L   K   M   F   P   S   T...
    1 M    -1  -1  -2  -3  -1   0  -2  -3  -2   1   2  -1   5   0  -3  -1  -1...
    2 S     1  -1   1   0  -1   0   0   0  -1  -2  -2   0  -1  -2  -1   4   1...
...
]
