Query_1	Synpcc7942_0002	100.000	290	0	0	193	482	1	290	0.0	586
Query_1	BAA17503.1	23.497	183	133	3	205	382	10	190	6.39e-07	48.9

