[Synpcc7942_0002	Synpcc7942_0002	100.000	290	0	0	193	482	1	290	0.0	586
]
