>Synpcc7942_0002 (trained on c3ae472116.pdb.list)
Last position-specific scoring matrix computed, weighted observed percentages...
            A   R   N   D   C   Q   E   G   H   I   L   K   M   F   P   S   T...
    1 L    -1  -2  -3  -4  -1  -2  -3  -4  -3   2   4  -2   2   0  -3  -2  -1...
    2 A     4  -1  -2  -2   0  -1  -1   0  -2  -1  -1  -1  -1  -2  -1   1   0...
...

