[>Synpcc7942_0002 hypothetical protein (trained on a1512fc008.pdb with e-value...
Last position-specific scoring matrix computed, weighted observed percentages...
            A   R   N   D   C   Q   E   G   H   I   L   K   M   F   P   S   T...
    1 M    -1  -1  -2  -3  -1   0  -2  -3  -2   1   2  -1   5   0  -2  -1  -1...
    2 A     4  -1  -2  -2   0  -1  -1   0  -2  -1  -1  -1  -1  -2  -1   1   0...
...
,
 >Synpcc7942_0002 hypothetical protein (trained on e00fb07ddb.pdb with e-value...
Last position-specific scoring matrix computed, weighted observed percentages...
            A   R   N   D   C   Q   E   G   H   I   L   K   M   F   P   S   T...
    1 M    -1  -1  -2  -3  -1   0  -2  -2  -1   1   2  -1   5   0  -2  -1  -1...
    2 A     4  -1  -1  -2   0  -1  -1   0  -2  -1  -1  -1  -1  -2  -1   1   0...
...
]
