[>Synpcc7942_0001 DNA polymerase III subunit beta (trained on e00fb07ddb.pdb.l...
Last position-specific scoring matrix computed, weighted observed percentages...
            A   R   N   D   C   Q   E   G   H   I   L   K   M   F   P   S   T...
    1 M    -1  -1  -2  -3  -1   0  -2  -3  -2   1   2  -1   5   0  -2  -1  -1...
    2 L    -1  -2  -3  -4  -1  -2  -3  -4  -3   2   4  -2   2   0  -3  -2  -1...
...
,
 >Synpcc7942_0002 hypothetical protein (trained on e00fb07ddb.pdb.list)
Last position-specific scoring matrix computed, weighted observed percentages...
            A   R   N   D   C   Q   E   G   H   I   L   K   M   F   P   S   T...
    1 M    -1  -1  -2  -3  -1   0  -2  -2  -1   1   2  -1   5   0  -2  -1  -1...
    2 A     4  -1  -1  -2   0  -1  -1   0  -2  -1  -1  -1  -1  -2  -1   1   0...
...
,
 >Synpcc7942_0003 phosphoribosylformylglycinamidine synthase II (trained on e0...
Last position-specific scoring matrix computed, weighted observed percentages...
            A   R   N   D   C   Q   E   G   H   I   L   K   M   F   P   S   T...
    1 M    -1  -1  -2  -3  -1   0  -2  -3  -2   1   2  -1   5   0  -2  -1  -1...
    2 T     0  -1   0  -1  -1  -1  -1  -2  -2  -1  -1  -1  -1  -2  -1   1   5...
...
,
 >Synpcc7942_0004 amidophosphoribosyltransferase (trained on e00fb07ddb.pdb.list)
Last position-specific scoring matrix computed, weighted observed percentages...
            A   R   N   D   C   Q   E   G   H   I   L   K   M   F   P   S   T...
    1 M    -1  -1  -2  -3  -1   0  -2  -3  -2   1   2  -1   5   0  -2  -1  -1...
    2 I    -1  -3  -3  -3  -1  -3  -3  -4  -3   4   2  -3   1   0  -3  -2  -1...
...
,
 >Synpcc7942_0005 hypothetical protein (trained on e00fb07ddb.pdb.list)
Last position-specific scoring matrix computed, weighted observed percentages...
            A   R   N   D   C   Q   E   G   H   I   L   K   M   F   P   S   T...
    1 M    -1  -2  -2  -3  -2   0  -2  -3  -2   1   2  -2   6   0  -3  -2  -1...
    2 L    -2  -2  -4  -4  -1  -2  -3  -4  -3   2   4  -3   2   0  -3  -3  -1...
...
,
 >Synpcc7942_0006 hypothetical protein (trained on e00fb07ddb.pdb.list)
Last position-specific scoring matrix computed, weighted observed percentages...
            A   R   N   D   C   Q   E   G   H   I   L   K   M   F   P   S   T...
    1 M    -1  -1  -2  -3  -1   0  -2  -3  -2   1   2  -1   5   0  -2  -1  -1...
    2 T     0  -1   0  -1  -1  -1  -1  -2  -2  -1  -1  -1  -1  -2  -1   1   5...
...
,
 >Synpcc7942_0007 hypothetical protein (trained on e00fb07ddb.pdb.list)
Last position-specific scoring matrix computed, weighted observed percentages...
            A   R   N   D   C   Q   E   G   H   I   L   K   M   F   P   S   T...
    1 M    -1  -1  -2  -3  -1   0  -2  -3  -2   1   2  -1   5   0  -2  -1  -1...
    2 T     0  -1   0  -1  -1  -1  -1  -2  -2  -1  -1  -1  -1  -2  -1   1   5...
...
,
 >Synpcc7942_0008 hypothetical protein (trained on e00fb07ddb.pdb.list)
Last position-specific scoring matrix computed, weighted observed percentages...
            A   R   N   D   C   Q   E   G   H   I   L   K   M   F   P   S   T...
    1 M    -1  -1  -2  -3  -1   0  -2  -3  -2   1   2  -1   6   0  -3  -2  -1...
    2 L    -2  -2  -4  -4  -1  -2  -3  -4  -3   2   4  -3   2   0  -3  -3  -1...
...
,
 >Synpcc7942_0009 argininosuccinate synthase (trained on e00fb07ddb.pdb.list)
Last position-specific scoring matrix computed, weighted observed percentages...
            A   R   N   D   C   Q   E   G   H   I   L   K   M   F   P   S   T...
    1 M    -1  -1  -2  -3  -1   0  -2  -3  -2   1   2  -1   5   0  -2  -1  -1...
    2 G     0  -2   0  -1  -2  -2  -2   6  -2  -4  -4  -2  -3  -3  -2   0  -2...
...
,
 >Synpcc7942_0010 hypothetical protein (trained on e00fb07ddb.pdb.list)
Last position-specific scoring matrix computed, weighted observed percentages...
            A   R   N   D   C   Q   E   G   H   I   L   K   M   F   P   S   T...
    1 M    -1  -1  -2  -3  -1   0  -2  -3  -2   1   2  -1   6   0  -3  -2  -1...
    2 S     1  -1   1   0  -1   0   0   0  -1  -2  -3   0  -2  -2  -1   4   1...
...
]
