Synpcc7942_0002	Synpcc7942_0002	100.000	290	0	0	193	482	1	290	0.0	586
Synpcc7942_0002	Synpcc7942_2044	30.556	72	47	1	283	351	91	162	0.005	35.4
Synpcc7942_0002	Synpcc7942_0002	100.000	290	0	0	193	482	1	290	0.0	586
Synpcc7942_0002	Synpcc7942_2044	30.556	72	47	1	283	351	91	162	0.005	35.4
Synpcc7942_0002	Synpcc7942_0002	100.000	290	0	0	193	482	1	290	0.0	586
...

