[, Synpcc7942_0002	Synpcc7942_0002	100.000	290	0	0	1	290	1	290	0.0	579
]
