[Synpcc7942_0002	BAA17503.1	23.497	183	133	3	205	382	10	190	3.73e-07	48.9
]
