[>Synpcc7942_0001 ABB56033.1 DNA polymerase III, beta subunit non-experimental...
ATGCTTTGGCAAGATTGCGATCAAAGGCTCGGGCAGCCTCCCCCCATGAAGTTGGTCTGTCGCCAAAACGAACTGAA...
>Synpcc7942_0002 ABB56034.1 hypothetical protein non-experimental evidence, n...
GTGGCAATGTCCGACCAGCCTGAAGAACTGCGGGTTAGCGACCTTCTCAATCGACAAGTTCTTGATCGCCAAACCAC...
>Synpcc7942_0003 ABB56035.1 phosphoribosylformylglycinamidine synthase subuni...
...
,
 >Synpcc7942_0001 ABB56033.1 DNA polymerase III, beta subunit non-experimental...
ATGCTTTGGCAAGATTGCGATCAAAGGCTCGGGCAGCCTCCCCCCATGAAGTTGGTCTGTCGCCAAAACGAACTGAA...
>Synpcc7942_0002 ABB56034.1 hypothetical protein non-experimental evidence, n...
GTGGCAATGTCCGACCAGCCTGAAGAACTGCGGGTTAGCGACCTTCTCAATCGACAAGTTCTTGATCGCCAAACCAC...
>Synpcc7942_0003 ABB56035.1 phosphoribosylformylglycinamidine synthase subuni...
...
]
