[["SYNGTS_0001",
  "SYNGTS_0002",
  "SYNGTS_0003",
  "SYNGTS_0004",
  "SYNGTS_0005",
  "SYNGTS_0006",
  "SYNGTS_0007",
  "SYNGTS_0008",
  "SYNGTS_0009",
  "SYNGTS_0010"],
 ["AOY38_00005",
  "AOY38_00010",
  "AOY38_00015",
  "AOY38_00020",
  "AOY38_00025",
  "AOY38_00030",
  "AOY38_00035",
  "AOY38_00040",
  "AOY38_00045",
  "AOY38_00050"],
 ["AOY38_00005",
  "AOY38_00010",
  "AOY38_00015",
  "AOY38_00020",
  "AOY38_00025",
  "AOY38_00030",
  "AOY38_00035",
  "AOY38_00040",
  "AOY38_00045",
  "AOY38_00050"],
 ["SYNGTS_0001",
  "SYNGTS_0002",
  "SYNGTS_0003",
  "SYNGTS_0004",
  "SYNGTS_0005",
  "SYNGTS_0006",
  "SYNGTS_0007",
  "SYNGTS_0008",
  "SYNGTS_0009",
  "SYNGTS_0010"]]
