[>BAA10018.2 sll0944 [Synechocystis sp. PCC 6803]
MQCLGKIFLSPGTKPESKNLIVIIFTADRDQRVLALSRIVKRPFFNKNPMPAMSQILDPIPNNQPSALFCCYVNATNQIQ
VARITNVPNWYFERVVFPGQRLVFEAVPSAQLEIHTGMMASSIISDTIPCEQLSIDPDGLAAGGFISPEKEHESEDMTSQ
SLVA
>BAA10019.1 slr0320 [Synechocystis sp. PCC 6803]
...
]
