[[>Synpcc7942_0001 DNA polymerase III subunit beta
MLWQDCDQRLGQPPPMKLVCRQNELNTSLSLVSRAVPSRPNHPVLANVLLAADAGTQRLS
LTAFDLSLGIQTSFAAQVERSGAITLPAKLLNDIVSRLPNDSDVTLEDNDAAATLSVGSG
QYQMRGISADEFPELPLVQSQEALQLSASALIEGLRGTLFATSGDETKQILTGVHLKVQP
DGLEFAATDGHRLAVVKTENAAATPATEFAVTVPSRALRDLERMIAIRGSDEAIALYHDQ
...
,
  >Synpcc7942_0010 hypothetical protein
MSMPLELFSLETVQDLAHRFGYVTVFLGILLENAGIPLPGETITVVGGFLAGSGELNLSG
VLACAIGGAILGDSFGYWLGRWGGWPLLHRMGQWFRFSEVQLISVRDRFSRNAPQAVFLG
RFIAILRIFAGPLAGIAGMPYRRFLFYNAMGAVLWGSTTVCLAYFLGQVVPLEQIMGWLA
QLGLFALGAVALVVVGQVWLHRRQDPSL
,
  >Synpcc7942_0002 hypothetical protein
MAMSDQPEELRVSDLLNRQVLDRQTTDEHGRIDRVWMHPPAHRVLGFLCKQGLIRGEFSA
FRLDQLHALGDDSVVLEAAPQPANPEKVDRLESLLQHEVWTDAGLHVGKIVDCRFDRQTG
YISAYLVSPHGWRGVAGMLWDLDPQLVLSYGQARVLVAELDPETLPVYEAGLTEAVAGSE
PDYRHLLGDLRQRARHWKQELKLQVSKVKEQAQEVLAQVQEVREQVQQPLDWEDATPQPL
...
,
  >Synpcc7942_0003 phosphoribosylformylglycinamidine synthase II
MTAISSAPFSADEIAGEGIKPEEYDAIVERLGRHPNKAELGMFGVMWSEHCCYKNSRPLL
SQFPTEGLRILVGPGENAGVVDLGDGLHLAFKVESHNHPSAVEPFQGAATGVGGILRDIF
TMGARPIAILNSLRFGDLEQPRTRRLFHGVVSGISHYGNCVGVPTVGGEVAFDPAYNGNP
LVNAMALGLMETDEIVKAGASGIGNPVLYVGSTTGRDGMGGASFASAELSDESLDDRPAV
...
,
  >Synpcc7942_0004 amidophosphoribosyltransferase
MIPTQPLTADLDCDLGLERPDRPEEACGVFALYAPGEEVARMAYFGLYALQHRGQESAGI
AVFEGDRVMLHKDMGLVSQVFDPEILQQLQGSLAVGHTRYSTTGSSRIANAQPALLETRL
GPVALAHNGNLVNTVELRQELLAKNHELTTTTDSELIAFAIMEAVAEGQDWRGAIESACR
RSQGAFSLTIGTPEALYGTRDPNGIRPLVLGTLESNGQTRYVLSSETCGLDIIGADYVRD
...
,
  >Synpcc7942_0005 hypothetical protein
MLNRDRPRWFVGQDLDGFLGLALDNLIQILLILGLCQGLLGYPPSLVYERILPAIALSLI
VGNVYYSWLAYRLDEQEGTSDRTAIPYGINTVSLFAYVFLVMLPVKLAALSQGLSEEAAI
EASWAAGLVACLGSGLIELFGAWVSDPLRRWLPRAALLSTLAGIAITFIALGFLFRTYAH
PIVGLVPFGVILLTYFGRMKFPIPGGLLAVLLGTALAWITGLSRWDSTNFELALQPIGWH
...
,
  >Synpcc7942_0006 hypothetical protein
MTPIFWLGISFLLVASSLSVLLWVAVPAVQELARTARSAQRLLDMLSRELPPTLEAMRLT
GLEVSELTDEMSESIRSAGSVVKQLDAGLQGVREQATNAQRTTRSLTAGVKAAWRSLHAA
QPSTNNRSSSVPDSKDR
,
  >Synpcc7942_0007 hypothetical protein
MTSSRDKFWSGVLLGATAGAIAALLTAPRRGKETRVVLQQSLEHLPEVTAEVTEKVQEQA
ERLGVVVGDRWGTVRGRLKQAWRSGVAAAKQEWQTTTIAAESVSEHESSSPDQSAS
,
  >Synpcc7942_0008 hypothetical protein
MLTWAIAIANGILALVLLWAAGKVWRLRGNLRQWRRELRQVNRQVSTVLAAAPADLQQAA
DQVSQSRWQYLRLRQLWQQWQLLLKFLGLLQPWVPLFTPPKKSRAAQ
,
  >Synpcc7942_0009 argininosuccinate synthase
MGRAKRVVLAYSGGVDTSVCIPYLKQEWGVEEVITLAADLGQGDELGPIRQKALDSGAVE
SLVIDATAEFVRDYAFPAIQANSLYEGRYPLSTALARPLIAKLLVEAAAKYGADAVAHGC
TGKGNDQVRFDVSIAALNPDLKVLAPAREWGMSREETIAYGERFGIPAPVKKSSPYSIDR
NLLGRSIEAGPLEDPLHEPLEEVYALTKAIANTPDEPAYIELGFDQGLPVTLNGQALAPV
...
]]
