[>BAA16579.2 sds solanesyl diphosphate synthase
MISTTSLFAPVDQDLRLLTDNLKRLVGARHPILGAAAEHLFEAGGKRVRPAIVLLVSRAT
LLDQELTARHRRLAEITEMIHTASLVHDDVVDEADLRRNVPTVNSLFDNRVAVLAGDFLF
AQSSWYLANLDNLEVVKLLSEVIRDFAEGEILQSINRFDTDTDLETYLEKSYFKTASLIA
NSAKAAGVLSDAPRDVCDHLYEYGKHLGLAFQIVDDILDFTSPTEVLGKPAGSDLISGNI
...
]
