Synpcc7942_0001	BAA16871.1	56.7	390	151	5	16	388	1	389	1.2e-114	407.1
Synpcc7942_0003	BAA16646.1	75.3	774	177	7	6	774	11	775	0.0e+00	1153.7
Synpcc7942_0004	BAA10132.1	70.3	474	139	2	21	493	23	495	1.6e-191	662.9
Synpcc7942_0005	BAA10081.1	64.9	527	178	1	7	526	8	534	1.1e-203	703.4
Synpcc7942_0009	BAA18841.1	75.4	399	98	0	1	399	1	399	4.3e-184	637.9
...

