Synpcc7942_0001	BAA16871.1	56.7	390	151	5	46	1164	1	389	7.1e-115	407.9
Synpcc7942_0003	BAA16646.1	75.3	774	177	7	16	2322	11	775	0.0e+00	1154.4
Synpcc7942_0004	BAA10132.1	70.3	474	139	2	61	1479	23	495	9.1e-192	663.7
Synpcc7942_0005	BAA10081.1	64.9	527	178	1	19	1578	8	534	8.6e-204	703.7
Synpcc7942_0009	BAA18841.1	75.4	399	98	0	1	1197	1	399	2.6e-184	638.6
...

