Welcome to the ShortCut interpreter!
Type :help for a list of the available commands.
shortcut >> 1 + 1
2.0
shortcut >> 
