[["data/7942genes50.faa"], ["data/7942genes50.faa"]]
