CLUSTAL W (1.81) multiple sequence alignment

Synpcc7942_0071      MCSSSECPVTSIPAFNLTEQYRRIGAELETATAKVLASGGYIGGQTVADFEAAFA...
Synpcc7942_0002      --------------------------MAMSDQPEELRVSDLLNRQVL---DRQTT...
Synpcc7942_2044      -----------------------------MTAEQVWLRSEIMGTQVI---TRDSG...
...

