["data/6803genes.faa",
 "data/6803genes10.faa",
 "data/7002genes.faa",
 "data/7122genes.faa",
 "data/7942gene.faa",
 "data/7942genes.faa",
 "data/7942genes10.faa",
 "data/7942genes50.faa",
 "data/Mycoplasma_agalactiae_small.faa",
 "data/Mycoplasma_genitalium_small.faa",
 "data/Mycoplasma_hyopneumoniae_small.faa"]
