[>BAA16579.2
ATGATCTCCACTACCTCCCTGTTTGCCCCCGTTGACCAAGACCTCCGTTTATTAACGGATAATCTCAAGCGGCTTGT...
>BAA16580.1
GTGGGGCGTTTGGATCAAGATAGCGAAGGACTATTGCTGCTCACCAGCAACGGTAAACTTCAGCATCGTTTGGCCCA...
>BAA16581.1
...
]
