[>SYNPCC7002_A0001
MTQNPQWLWQEVLTKLEQQLSRPTYETWIQPTAIQQWREDEIVLCAPNAFVLNHIQKYYG
ALITETIAELLQQPVKVRLTSPEGNTLAATQSFYSSRSGQSTRPGKKTPELNSKYTFSRF
VVGPTNRMAHAAALAVAESPGRDFNPLVLCGGVGLGKTHLMQAIGHYRLDTQPDAKIFYV
STEQFTNDLIVAIRKDSLQTFREHYRTADILLVDDIQFIEGKEYTQEEFFYTFNTLHEAG
...
,
 >gi|84626162|gb|AAC71217.2|
MKILINKSELNKILKKMNNVIISNNKIKPHHSYFLIEAKEKEINFYANNEYFSVKCNLNKNIDILEQGSL
IVKGKIFNDLINGIKEEIITIQEKDQTLLVKTKKTSINLNTINVNEFPRIRFNEKNDLSEFNQFKINYSL
LVKGIKKIFHSVSNNREISSKFNGVNFNGSNGKEIFLEASDTYKLSVFEIKQETEPFDFILESNLLSFIN
SFNPEEDKSIVFYYRKDNKDSFSTEMLISMDNFMISYTSVNEKFPEVNYFFEFEPETKIVVQKNELKDAL
...
,
 >gi|290752267|emb|CBH40238.1|
MNINSPNDKEIALKSYTETFLDILRQELGDQMLYKNFFANFEIKDVSKIGHITIGTTNVTPNSQYVIRAY
ESSIQKSLDETFERKCTFSFVLLDSAVKKKVKRERKEAAIENIELSNREVDKTKTFENYVEGNFNKEAIR
IAKLIVEGEEDYNPIFIYGKSGIGKTHLLNAICNELLKKEVSVKYINANSFTRDISYFLQENDQRKLKQI
RNHFDNADIVMFDDFQSYGIGNKKATIELIFNILDSRINQKRTTIICSDRPIYSLQNSFDARLISRLSMG
...
,
 >gi|144227417|gb|AAZ44095.2|
MQTNKNNLKVRTQQIRQQIENLLNDRMLYNNFFSTIYVLNETETEIIIDFTDLIAKQEVISRWVDTVEKA
IKNLEISKILTFNNTNNYTINSKESQNFSIKNKYCSFNINNVLNKFTFRNFIKSSYNFQIFSIYDAIVAN
SRLNYSPIFISGPSGIGKTHFINAIGNLLVEKQKKVFYINDYKFISCVSSWMQNGQNEKISEFLNWLSQV
DAFLFDDIQGLANKQQTSIVALEILNRFIEEDKTVIITSDKSPSLLGGFEERFITRFSSGLHIKLNKPKK
...
,
 >Anacy_0001
MEIPIDSLWSQVLERLQLELSRPTFETWIKTASAEQLENNCLVIRTPNPFARNWLQKYYI
NTIAHVVQDILGYPVEIYITVAQGDEVSQLGKQEVAWELPAVNPIFTNVSKNQQKTTELN
PKYVFSRFVVGANNRMAHAASLAVAEYPGREFNPLFLCGGVGLGKTHLMQAIGNYRWEIY
PNSKIFYVSTEQFTNDLITAIRNDSMQIFREHYRAADVLLVDDIQFLEGKEYTQEEFFHT
...
,
 >Synpcc7942_0002
MAMSDQPEELRVSDLLNRQVLDRQTTDEHGRIDRVWMHPPAHRVLGFLCKQGLIRGEFSA
FRLDQLHALGDDSVVLEAAPQPANPEKVDRLESLLQHEVWTDAGLHVGKIVDCRFDRQTG
YISAYLVSPHGWRGVAGMLWDLDPQLVLSYGQARVLVAELDPETLPVYEAGLTEAVAGSE
PDYRHLLGDLRQRARHWKQELKLQVSKVKEQAQEVLAQVQEVREQVQQPLDWEDATPQPL
...
,
 >BAA10018.2
MQCLGKIFLSPGTKPESKNLIVIIFTADRDQRVLALSRIVKRPFFNKNPMPAMSQILDPIPNNQPSALFCCYVNATNQIQ
VARITNVPNWYFERVVFPGQRLVFEAVPSAQLEIHTGMMASSIISDTIPCEQLSIDPDGLAAGGFISPEKEHESEDMTSQ
SLVA
>BAA10019.1
...
,
 >Synpcc7942_0001
MLWQDCDQRLGQPPPMKLVCRQNELNTSLSLVSRAVPSRPNHPVLANVLLAADAGTQRLS
LTAFDLSLGIQTSFAAQVERSGAITLPAKLLNDIVSRLPNDSDVTLEDNDAAATLSVGSG
QYQMRGISADEFPELPLVQSQEALQLSASALIEGLRGTLFATSGDETKQILTGVHLKVQP
DGLEFAATDGHRLAVVKTENAAATPATEFAVTVPSRALRDLERMIAIRGSDEAIALYHDQ
...
,
 >Synpcc7942_0001
MLWQDCDQRLGQPPPMKLVCRQNELNTSLSLVSRAVPSRPNHPVLANVLLAADAGTQRLS
LTAFDLSLGIQTSFAAQVERSGAITLPAKLLNDIVSRLPNDSDVTLEDNDAAATLSVGSG
QYQMRGISADEFPELPLVQSQEALQLSASALIEGLRGTLFATSGDETKQILTGVHLKVQP
DGLEFAATDGHRLAVVKTENAAATPATEFAVTVPSRALRDLERMIAIRGSDEAIALYHDQ
...
]
