Database: 3ce4648d84.ndb
3,574 sequences; 3,432,498 total bases
Longest sequence: 12,600 bases
Volumes:
$TMPDIR/cache/makeblastdb/3ce4648d84/3ce4648d84.ndb

