Database: f01020ac88.pdb
3,574 sequences; 1,140,592 total residues
Longest sequence: 4,199 residues
Volumes:
$TMPDIR/cache/makeblastdb/f01020ac88/f01020ac88.pdb

